{
 "meta": {
  "status": "golden",
  "model": "claude subagents (opus/sonnet)",
  "generated": "2026-07-23",
  "inputs": {
   "artifact:forarbete/prop/2025-26-108": "0c606b1be11dd8503f1c30778cf99a21515de120a6cb777ccdf81680155c3953",
   "artifact:eurlex/32008L0098": "cd2bc038ebf36d89abcc25daed82e73502b200a4bffdd82f9487e8c34e710cbb"
  }
 },
 "genomforande": {
  "directives": [
   "https://lagen.nu/ext/celex/32008L0098"
  ],
  "proposition": "https://lagen.nu/prop/2025/26:108",
  "edges": [
   {
    "predicate": "rpubl:genomforDirektiv",
    "directive": "https://lagen.nu/ext/celex/32008L0098",
    "articles": [
     "1"
    ],
    "pinpoints": [
     "1"
    ],
    "uris": [
     "https://lagen.nu/ext/celex/32008L0098#1"
    ],
    "partial": true,
    "law": "13.1 Förslaget till lag om ändring i miljöbalken",
    "chapter": "15",
    "paragraf": "1",
    "sentence": "Syftet stämmer i stort överens med syftet i artikel 1 i avfallsdirektivet.",
    "page": 111
   },
   {
    "predicate": "rpubl:genomforDirektiv",
    "directive": "https://lagen.nu/ext/celex/32008L0098",
    "articles": [
     "2"
    ],
    "pinpoints": [
     "2 c"
    ],
    "uris": [
     "https://lagen.nu/ext/celex/32008L0098#2"
    ],
    "partial": false,
    "law": "13.1 Förslaget till lag om ändring i miljöbalken",
    "chapter": "15",
    "paragraf": "3",
    "sentence": "Paragrafen motsvarar artikel 2 c i avfallsdirektivet.",
    "page": 112
   },
   {
    "predicate": "rpubl:genomforDirektiv",
    "directive": "https://lagen.nu/ext/celex/32008L0098",
    "articles": [
     "5"
    ],
    "pinpoints": [
     "5"
    ],
    "uris": [
     "https://lagen.nu/ext/celex/32008L0098#5"
    ],
    "partial": false,
    "law": "13.1 Förslaget till lag om ändring i miljöbalken",
    "chapter": "15",
    "paragraf": "4",
    "sentence": "Den genomför artikel 5 i avfallsdirektivet.",
    "page": 113
   },
   {
    "predicate": "rpubl:genomforDirektiv",
    "directive": "https://lagen.nu/ext/celex/32008L0098",
    "articles": [
     "3"
    ],
    "pinpoints": [
     "3.6"
    ],
    "uris": [
     "https://lagen.nu/ext/celex/32008L0098#3"
    ],
    "partial": false,
    "law": "13.1 Förslaget till lag om ändring i miljöbalken",
    "chapter": "15",
    "paragraf": "5",
    "sentence": "Innebörden av uttrycket motsvarar artikel 3.6 i avfallsdirektivet.",
    "page": 113
   },
   {
    "predicate": "rpubl:genomforDirektiv",
    "directive": "https://lagen.nu/ext/celex/32008L0098",
    "articles": [
     "3"
    ],
    "pinpoints": [
     "3.5"
    ],
    "uris": [
     "https://lagen.nu/ext/celex/32008L0098#3"
    ],
    "partial": false,
    "law": "13.1 Förslaget till lag om ändring i miljöbalken",
    "chapter": "15",
    "paragraf": "5",
    "sentence": "Definitionen genomför artikel 3.5 i avfallsdirektivet.",
    "page": 113
   },
   {
    "predicate": "rpubl:genomforDirektiv",
    "directive": "https://lagen.nu/ext/celex/32008L0098",
    "articles": [
     "3"
    ],
    "pinpoints": [
     "3.4"
    ],
    "uris": [
     "https://lagen.nu/ext/celex/32008L0098#3"
    ],
    "partial": false,
    "law": "13.1 Förslaget till lag om ändring i miljöbalken",
    "chapter": "15",
    "paragraf": "5",
    "sentence": "Den genomför artikel 3.4 i avfallsdirektivet.",
    "page": 113
   },
   {
    "predicate": "rpubl:genomforDirektiv",
    "directive": "https://lagen.nu/ext/celex/32008L0098",
    "articles": [
     "3"
    ],
    "pinpoints": [
     "3.7"
    ],
    "uris": [
     "https://lagen.nu/ext/celex/32008L0098#3"
    ],
    "partial": false,
    "law": "13.1 Förslaget till lag om ändring i miljöbalken",
    "chapter": "15",
    "paragraf": "5",
    "sentence": "Genom förklaringen genomförs artikel 3.7 i avfallsdirektivet.",
    "page": 113
   },
   {
    "predicate": "rpubl:genomforDirektiv",
    "directive": "https://lagen.nu/ext/celex/32008L0098",
    "articles": [
     "3"
    ],
    "pinpoints": [
     "3.2 b"
    ],
    "uris": [
     "https://lagen.nu/ext/celex/32008L0098#3"
    ],
    "partial": false,
    "law": "13.1 Förslaget till lag om ändring i miljöbalken",
    "chapter": "15",
    "paragraf": "5",
    "sentence": "Uttrycket kommunalt avfall motsvarar hittillsvarande 3 § (prop. 2019/20:156 s. 91 – 93) och genomför artikel 3.2 b i avfallsdirektivet.",
    "page": 113
   },
   {
    "predicate": "rpubl:genomforDirektiv",
    "directive": "https://lagen.nu/ext/celex/32008L0098",
    "articles": [
     "3"
    ],
    "pinpoints": [
     "3.8"
    ],
    "uris": [
     "https://lagen.nu/ext/celex/32008L0098#3"
    ],
    "partial": false,
    "law": "13.1 Förslaget till lag om ändring i miljöbalken",
    "chapter": "15",
    "paragraf": "5",
    "sentence": "Genom förklaringen genomförs artikel 3.8 i avfallsdirektivet.",
    "page": 113
   },
   {
    "predicate": "rpubl:genomforDirektiv",
    "directive": "https://lagen.nu/ext/celex/32008L0098",
    "articles": [
     "14",
     "15"
    ],
    "pinpoints": [
     "14.1",
     "15.1"
    ],
    "uris": [
     "https://lagen.nu/ext/celex/32008L0098#14",
     "https://lagen.nu/ext/celex/32008L0098#15"
    ],
    "partial": false,
    "law": "13.1 Förslaget till lag om ändring i miljöbalken",
    "chapter": "15",
    "paragraf": "26",
    "sentence": "Den genomför artiklarna 14.1 och 15.1 i avfallsdirektivet.",
    "page": 128
   },
   {
    "predicate": "rpubl:genomforDirektiv",
    "directive": "https://lagen.nu/ext/celex/32008L0098",
    "articles": [
     "15"
    ],
    "pinpoints": [
     "15.2"
    ],
    "uris": [
     "https://lagen.nu/ext/celex/32008L0098#15"
    ],
    "partial": false,
    "law": "13.1 Förslaget till lag om ändring i miljöbalken",
    "chapter": "15",
    "paragraf": "30",
    "sentence": "Den genomför artikel 15.2 i avfallsdirektivet.",
    "page": 131
   },
   {
    "predicate": "rpubl:genomforDirektiv",
    "directive": "https://lagen.nu/ext/celex/32008L0098",
    "articles": [
     "28"
    ],
    "pinpoints": [
     "28.28",
     "28.29",
     "28.30"
    ],
    "uris": [
     "https://lagen.nu/ext/celex/32008L0098#28"
    ],
    "partial": false,
    "law": "13.1 Förslaget till lag om ändring i miljöbalken",
    "chapter": "15",
    "paragraf": "43",
    "sentence": "Paragrafen genomför artiklarna 28 – 30 i avfallsdirektivet.",
    "page": 136
   },
   {
    "predicate": "rpubl:genomforDirektiv",
    "directive": "https://lagen.nu/ext/celex/32008L0098",
    "articles": [
     "28"
    ],
    "pinpoints": [
     "28.28",
     "28.29",
     "28.30"
    ],
    "uris": [
     "https://lagen.nu/ext/celex/32008L0098#28"
    ],
    "partial": true,
    "law": "13.1 Förslaget till lag om ändring i miljöbalken",
    "chapter": "15",
    "paragraf": "44",
    "sentence": "Med stöd av paragrafen kan föreskrifter meddelas för att genomföra kraven på vad som ska ingå i den nationella avfallsplanen enligt artiklarna 28 – 30 i avfallsdirektivet.",
    "page": 136
   }
  ]
 }
}