{
 "meta": {
  "status": "golden",
  "model": "claude subagents (opus/sonnet)",
  "generated": "2026-07-23",
  "inputs": {
   "artifact:forarbete/prop/2025-26-129": "e2c00bc14882c1ee9d827788912c8a7135f32481106aedc8954a63f45869e661",
   "artifact:eurlex/32024L1640": "c672bb863dffa4bb00c937f40546de28435bc7ca69413c62493ac99b40602a4c"
  }
 },
 "genomforande": {
  "directives": [
   "https://lagen.nu/ext/celex/32024L1640"
  ],
  "proposition": "https://lagen.nu/prop/2025/26:129",
  "edges": [
   {
    "predicate": "rpubl:genomforDirektiv",
    "directive": "https://lagen.nu/ext/celex/32024L1640",
    "articles": [
     "11"
    ],
    "pinpoints": [
     "11.1",
     "11.2"
    ],
    "uris": [
     "https://lagen.nu/ext/celex/32024L1640#11"
    ],
    "partial": false,
    "law": "11.1 Förslaget till lag om ändring i lagen (2017:631) om registrering av verkliga huvudmän",
    "chapter": "3",
    "paragraf": "9 c",
    "sentence": "Paragrafen genomför artikel 11.1 och 11.2 i sjätte penningtvättsdirektivet.",
    "page": 84
   },
   {
    "predicate": "rpubl:genomforDirektiv",
    "directive": "https://lagen.nu/ext/celex/32024L1640",
    "articles": [
     "11"
    ],
    "pinpoints": [
     "11.3"
    ],
    "uris": [
     "https://lagen.nu/ext/celex/32024L1640#11"
    ],
    "partial": false,
    "law": "11.1 Förslaget till lag om ändring i lagen (2017:631) om registrering av verkliga huvudmän",
    "chapter": "3",
    "paragraf": "9 d",
    "sentence": "Paragrafen genomför artikel 11.3 i sjätte penningtvättsdirektivet.",
    "page": 84
   },
   {
    "predicate": "rpubl:genomforDirektiv",
    "directive": "https://lagen.nu/ext/celex/32024L1640",
    "articles": [
     "12",
     "13"
    ],
    "pinpoints": [
     "12.1",
     "12.2",
     "13.1"
    ],
    "uris": [
     "https://lagen.nu/ext/celex/32024L1640#12",
     "https://lagen.nu/ext/celex/32024L1640#13"
    ],
    "partial": true,
    "law": "11.1 Förslaget till lag om ändring i lagen (2017:631) om registrering av verkliga huvudmän",
    "chapter": "3",
    "paragraf": "9 e",
    "sentence": "Paragrafen genomför delvis artikel 12.1 och 12.2 samt artikel 13.1 i sjätte penningtvättsdirektivet.",
    "page": 85
   },
   {
    "predicate": "rpubl:genomforDirektiv",
    "directive": "https://lagen.nu/ext/celex/32024L1640",
    "articles": [
     "13"
    ],
    "pinpoints": [
     "13.5",
     "13.6"
    ],
    "uris": [
     "https://lagen.nu/ext/celex/32024L1640#13"
    ],
    "partial": true,
    "law": "11.1 Förslaget till lag om ändring i lagen (2017:631) om registrering av verkliga huvudmän",
    "chapter": "3",
    "paragraf": "9 f",
    "sentence": "Paragrafen genomför delvis artikel 13.5 och 13.6 i sjätte penningtvättsdirektivet.",
    "page": 86
   },
   {
    "predicate": "rpubl:genomforDirektiv",
    "directive": "https://lagen.nu/ext/celex/32024L1640",
    "articles": [
     "13"
    ],
    "pinpoints": [
     "13.5"
    ],
    "uris": [
     "https://lagen.nu/ext/celex/32024L1640#13"
    ],
    "partial": true,
    "law": "11.1 Förslaget till lag om ändring i lagen (2017:631) om registrering av verkliga huvudmän",
    "chapter": "3",
    "paragraf": "9 g",
    "sentence": "Paragrafen genomför delvis artikel 13.5 i sjätte penningtvättsdirektivet.",
    "page": 87
   },
   {
    "predicate": "rpubl:genomforDirektiv",
    "directive": "https://lagen.nu/ext/celex/32024L1640",
    "articles": [
     "13"
    ],
    "pinpoints": [
     "13.3"
    ],
    "uris": [
     "https://lagen.nu/ext/celex/32024L1640#13"
    ],
    "partial": true,
    "law": "11.1 Förslaget till lag om ändring i lagen (2017:631) om registrering av verkliga huvudmän",
    "chapter": "3",
    "paragraf": "9 h",
    "sentence": "Paragrafen genomför delvis artikel 13.3 i sjätte penningtvättsdirektivet.",
    "page": 87
   },
   {
    "predicate": "rpubl:genomforDirektiv",
    "directive": "https://lagen.nu/ext/celex/32024L1640",
    "articles": [
     "13"
    ],
    "pinpoints": [
     "13.7"
    ],
    "uris": [
     "https://lagen.nu/ext/celex/32024L1640#13"
    ],
    "partial": true,
    "law": "11.1 Förslaget till lag om ändring i lagen (2017:631) om registrering av verkliga huvudmän",
    "chapter": "3",
    "paragraf": "9 i",
    "sentence": "Paragrafen genomför delvis artikel 13.7 i sjätte penningtvättsdirektivet.",
    "page": 87
   },
   {
    "predicate": "rpubl:genomforDirektiv",
    "directive": "https://lagen.nu/ext/celex/32024L1640",
    "articles": [
     "13"
    ],
    "pinpoints": [
     "13.10"
    ],
    "uris": [
     "https://lagen.nu/ext/celex/32024L1640#13"
    ],
    "partial": true,
    "law": "11.1 Förslaget till lag om ändring i lagen (2017:631) om registrering av verkliga huvudmän",
    "chapter": "3",
    "paragraf": "9 j",
    "sentence": "Paragrafen genomför delvis artikel 13.10 i sjätte penningtvättsdirektivet.",
    "page": 88
   },
   {
    "predicate": "rpubl:genomforDirektiv",
    "directive": "https://lagen.nu/ext/celex/32024L1640",
    "articles": [
     "13"
    ],
    "pinpoints": [
     "13.11"
    ],
    "uris": [
     "https://lagen.nu/ext/celex/32024L1640#13"
    ],
    "partial": false,
    "law": "11.1 Förslaget till lag om ändring i lagen (2017:631) om registrering av verkliga huvudmän",
    "chapter": "3",
    "paragraf": "9 k",
    "sentence": "Paragrafen genomför artikel 13.11 i sjätte penningtvättsdirektivet.",
    "page": 88
   },
   {
    "predicate": "rpubl:genomforDirektiv",
    "directive": "https://lagen.nu/ext/celex/32024L1640",
    "articles": [
     "13"
    ],
    "pinpoints": [
     "13.8"
    ],
    "uris": [
     "https://lagen.nu/ext/celex/32024L1640#13"
    ],
    "partial": true,
    "law": "11.1 Förslaget till lag om ändring i lagen (2017:631) om registrering av verkliga huvudmän",
    "chapter": "3",
    "paragraf": "9 l",
    "sentence": "Paragrafen genomför delvis artikel 13.8 i sjätte penningtvättsdirektivet.",
    "page": 89
   },
   {
    "predicate": "rpubl:genomforDirektiv",
    "directive": "https://lagen.nu/ext/celex/32024L1640",
    "articles": [
     "12"
    ],
    "pinpoints": [
     "12.4"
    ],
    "uris": [
     "https://lagen.nu/ext/celex/32024L1640#12"
    ],
    "partial": true,
    "law": "11.1 Förslaget till lag om ändring i lagen (2017:631) om registrering av verkliga huvudmän",
    "chapter": "3",
    "paragraf": "9 m",
    "sentence": "Paragrafen genomför delvis artikel 12.4 i sjätte penningtvättsdirektivet.",
    "page": 89
   },
   {
    "predicate": "rpubl:genomforDirektiv",
    "directive": "https://lagen.nu/ext/celex/32024L1640",
    "articles": [
     "13"
    ],
    "pinpoints": [
     "13.9"
    ],
    "uris": [
     "https://lagen.nu/ext/celex/32024L1640#13"
    ],
    "partial": true,
    "law": "11.1 Förslaget till lag om ändring i lagen (2017:631) om registrering av verkliga huvudmän",
    "chapter": "3",
    "paragraf": "10",
    "sentence": "Paragrafen genomför delvis artikel 13.9 i sjätte penningtvättsdirektivet.",
    "page": 90
   },
   {
    "predicate": "rpubl:genomforDirektiv",
    "directive": "https://lagen.nu/ext/celex/32024L1640",
    "articles": [
     "15"
    ],
    "pinpoints": [
     "15"
    ],
    "uris": [
     "https://lagen.nu/ext/celex/32024L1640#15"
    ],
    "partial": true,
    "law": "11.2 Förslaget till lag om ändring i offentlighetsoch sekretesslagen (2009:400)",
    "chapter": "21",
    "paragraf": "4 b",
    "sentence": "Paragrafen genomför delvis artikel 15 i sjätte penningtvättsdirektivet.",
    "page": 91
   }
  ]
 }
}