{
 "meta": {
  "status": "golden",
  "model": "claude subagents (opus/sonnet)",
  "generated": "2026-07-23",
  "inputs": {
   "artifact:forarbete/prop/2025-26-186": "e85556ccceb900817e763d6a00b2805a425799654fcc7e922f10b8c52f919f63",
   "artifact:eurlex/32009L0065": "9a1032db65fc4d428deecbdad6be4b6703a12a247788c50fc315ef381a7e551e",
   "artifact:eurlex/32011L0061": "26a696b979b686710cdb8dd5510464047466e1773a524f97e3619dd3c0eeb3bc",
   "artifact:eurlex/32014L0065": "91d81dc63e2595ac79799202052586544a1a0f5b8e7e081dfed39b71e4d55586"
  }
 },
 "genomforande": {
  "directives": [
   "https://lagen.nu/ext/celex/32009L0065",
   "https://lagen.nu/ext/celex/32011L0061",
   "https://lagen.nu/ext/celex/32014L0065"
  ],
  "proposition": "https://lagen.nu/prop/2025/26:186",
  "edges": [
   {
    "predicate": "rpubl:genomforDirektiv",
    "directive": "https://lagen.nu/ext/celex/32009L0065",
    "articles": [
     "6"
    ],
    "pinpoints": [
     "6"
    ],
    "uris": [
     "https://lagen.nu/ext/celex/32009L0065#6"
    ],
    "partial": true,
    "law": "11.3 Förslaget till lag om ändring i lagen (2004:46) om värdepappersfonder",
    "chapter": "1",
    "paragraf": "4",
    "sentence": "Paragrafen genomför delvis artikel 6 i UCITS-direktivet.",
    "page": 231
   },
   {
    "predicate": "rpubl:genomforDirektiv",
    "directive": "https://lagen.nu/ext/celex/32009L0065",
    "articles": [
     "6"
    ],
    "pinpoints": [
     "6.3 f",
     "6.3 a"
    ],
    "uris": [
     "https://lagen.nu/ext/celex/32009L0065#6"
    ],
    "partial": true,
    "law": "11.3 Förslaget till lag om ändring i lagen (2004:46) om värdepappersfonder",
    "chapter": "1",
    "paragraf": "5 c",
    "sentence": "Paragrafen genomför artikel 6.3 första stycket c och delvis artikel 6.3 andra stycket i UCITSdirektivet.",
    "page": 231
   },
   {
    "predicate": "rpubl:genomforDirektiv",
    "directive": "https://lagen.nu/ext/celex/32009L0065",
    "articles": [
     "19"
    ],
    "pinpoints": [
     "19"
    ],
    "uris": [
     "https://lagen.nu/ext/celex/32009L0065#19"
    ],
    "partial": true,
    "law": "11.3 Förslaget till lag om ändring i lagen (2004:46) om värdepappersfonder",
    "chapter": "1",
    "paragraf": "6 d",
    "sentence": "Paragrafen genomför delvis artikel 19 i UCITSdirektivet.",
    "page": 232
   },
   {
    "predicate": "rpubl:genomforDirektiv",
    "directive": "https://lagen.nu/ext/celex/32009L0065",
    "articles": [
     "7"
    ],
    "pinpoints": [
     "7"
    ],
    "uris": [
     "https://lagen.nu/ext/celex/32009L0065#7"
    ],
    "partial": true,
    "law": "11.3 Förslaget till lag om ändring i lagen (2004:46) om värdepappersfonder",
    "chapter": "2",
    "paragraf": "1",
    "sentence": "Paragrafen genomför delvis artikel 7 i UCITS-direktivet.",
    "page": 232
   },
   {
    "predicate": "rpubl:genomforDirektiv",
    "directive": "https://lagen.nu/ext/celex/32009L0065",
    "articles": [
     "7"
    ],
    "pinpoints": [
     "7.7"
    ],
    "uris": [
     "https://lagen.nu/ext/celex/32009L0065#7"
    ],
    "partial": false,
    "law": "11.3 Förslaget till lag om ändring i lagen (2004:46) om värdepappersfonder",
    "chapter": "2",
    "paragraf": "7 a",
    "sentence": "Paragrafen genomför artikel 7.7 i UCITS-direktivet.",
    "page": 234
   },
   {
    "predicate": "rpubl:genomforDirektiv",
    "directive": "https://lagen.nu/ext/celex/32009L0065",
    "articles": [
     "13"
    ],
    "pinpoints": [
     "13.1",
     "13.2"
    ],
    "uris": [
     "https://lagen.nu/ext/celex/32009L0065#13"
    ],
    "partial": true,
    "law": "11.3 Förslaget till lag om ändring i lagen (2004:46) om värdepappersfonder",
    "chapter": "2 a",
    "paragraf": "1",
    "sentence": "Paragrafen innehåller bestämmelser om delegering genom uppdragsavtal och genomför delvis artikel 13.1 och 13.2 i UCITS-direktivet.",
    "page": 234
   },
   {
    "predicate": "rpubl:genomforDirektiv",
    "directive": "https://lagen.nu/ext/celex/32009L0065",
    "articles": [
     "13"
    ],
    "pinpoints": [
     "13.1"
    ],
    "uris": [
     "https://lagen.nu/ext/celex/32009L0065#13"
    ],
    "partial": true,
    "law": "11.3 Förslaget till lag om ändring i lagen (2004:46) om värdepappersfonder",
    "chapter": "2 a",
    "paragraf": "2",
    "sentence": "Paragrafen genomför delvis artikel 13.1 i UCITS-direktivet.",
    "page": 236
   },
   {
    "predicate": "rpubl:genomforDirektiv",
    "directive": "https://lagen.nu/ext/celex/32009L0065",
    "articles": [
     "13"
    ],
    "pinpoints": [
     "13.4"
    ],
    "uris": [
     "https://lagen.nu/ext/celex/32009L0065#13"
    ],
    "partial": false,
    "law": "11.3 Förslaget till lag om ändring i lagen (2004:46) om värdepappersfonder",
    "chapter": "2 a",
    "paragraf": "3",
    "sentence": "Paragrafen genomför artikel 13.4 i UCITS-direktivet.",
    "page": 236
   },
   {
    "predicate": "rpubl:genomforDirektiv",
    "directive": "https://lagen.nu/ext/celex/32009L0065",
    "articles": [
     "13"
    ],
    "pinpoints": [
     "13.2"
    ],
    "uris": [
     "https://lagen.nu/ext/celex/32009L0065#13"
    ],
    "partial": true,
    "law": "11.3 Förslaget till lag om ändring i lagen (2004:46) om värdepappersfonder",
    "chapter": "2 a",
    "paragraf": "4",
    "sentence": "Paragrafen genomför delvis artikel 13.2 i UCITSdirektivet.",
    "page": 236
   },
   {
    "predicate": "rpubl:genomforDirektiv",
    "directive": "https://lagen.nu/ext/celex/32009L0065",
    "articles": [
     "13"
    ],
    "pinpoints": [
     "13.3"
    ],
    "uris": [
     "https://lagen.nu/ext/celex/32009L0065#13"
    ],
    "partial": false,
    "law": "11.3 Förslaget till lag om ändring i lagen (2004:46) om värdepappersfonder",
    "chapter": "8",
    "paragraf": "6",
    "sentence": "Den genomför artikel 13.3 i UCITS-direktivet.",
    "page": 237
   },
   {
    "predicate": "rpubl:genomforDirektiv",
    "directive": "https://lagen.nu/ext/celex/32009L0065",
    "articles": [
     "22",
     "1",
     "2"
    ],
    "pinpoints": [
     "22 a",
     "1",
     "22 a",
     "2"
    ],
    "uris": [
     "https://lagen.nu/ext/celex/32009L0065#22",
     "https://lagen.nu/ext/celex/32009L0065#1",
     "https://lagen.nu/ext/celex/32009L0065#2"
    ],
    "partial": false,
    "law": "11.3 Förslaget till lag om ändring i lagen (2004:46) om värdepappersfonder",
    "chapter": "3",
    "paragraf": "10",
    "sentence": "Den genomför artikel 22a.1 och 22a.2 i UCITS-direktivet.",
    "page": 238
   },
   {
    "predicate": "rpubl:genomforDirektiv",
    "directive": "https://lagen.nu/ext/celex/32009L0065",
    "articles": [
     "76"
    ],
    "pinpoints": [
     "76"
    ],
    "uris": [
     "https://lagen.nu/ext/celex/32009L0065#76"
    ],
    "partial": true,
    "law": "11.3 Förslaget till lag om ändring i lagen (2004:46) om värdepappersfonder",
    "chapter": "4",
    "paragraf": "13",
    "sentence": "Paragrafen genomför delvis artikel 76 i UCITS-direktivet.",
    "page": 241
   },
   {
    "predicate": "rpubl:genomforDirektiv",
    "directive": "https://lagen.nu/ext/celex/32009L0065",
    "articles": [
     "84",
     "18",
     "1"
    ],
    "pinpoints": [
     "84.2 f",
     "84.3 f",
     "18 a",
     "1"
    ],
    "uris": [
     "https://lagen.nu/ext/celex/32009L0065#84",
     "https://lagen.nu/ext/celex/32009L0065#18",
     "https://lagen.nu/ext/celex/32009L0065#1"
    ],
    "partial": true,
    "law": "11.3 Förslaget till lag om ändring i lagen (2004:46) om värdepappersfonder",
    "chapter": "4",
    "paragraf": "13 a",
    "sentence": "Paragrafen genomför artikel 84.2 första stycket a och andra stycket och 84.3 första stycket a och delvis artikel 18a.1 i UCITS-direktivet och delvis bilaga IIA till direktivet.",
    "page": 243
   },
   {
    "predicate": "rpubl:genomforDirektiv",
    "directive": "https://lagen.nu/ext/celex/32009L0065",
    "articles": [
     "84"
    ],
    "pinpoints": [
     "84.2 f"
    ],
    "uris": [
     "https://lagen.nu/ext/celex/32009L0065#84"
    ],
    "partial": false,
    "law": "11.3 Förslaget till lag om ändring i lagen (2004:46) om värdepappersfonder",
    "chapter": "4",
    "paragraf": "13 b",
    "sentence": "Paragrafen genomför artikel 84.2 första stycket b i UCITS-direktivet.",
    "page": 243
   },
   {
    "predicate": "rpubl:genomforDirektiv",
    "directive": "https://lagen.nu/ext/celex/32009L0065",
    "articles": [
     "13"
    ],
    "pinpoints": [
     "13.1 i"
    ],
    "uris": [
     "https://lagen.nu/ext/celex/32009L0065#13"
    ],
    "partial": false,
    "law": "11.3 Förslaget till lag om ändring i lagen (2004:46) om värdepappersfonder",
    "chapter": "4",
    "paragraf": "15",
    "sentence": "Den genomför artikel 13.1 i i UCITS-direktivet.",
    "page": 244
   },
   {
    "predicate": "rpubl:genomforDirektiv",
    "directive": "https://lagen.nu/ext/celex/32009L0065",
    "articles": [
     "79",
     "78"
    ],
    "pinpoints": [
     "79.1",
     "78"
    ],
    "uris": [
     "https://lagen.nu/ext/celex/32009L0065#79",
     "https://lagen.nu/ext/celex/32009L0065#78"
    ],
    "partial": true,
    "law": "11.3 Förslaget till lag om ändring i lagen (2004:46) om värdepappersfonder",
    "chapter": "4",
    "paragraf": "16 a",
    "sentence": "Paragrafen genomför artikel 79.1 och delvis artikel 78 i UCITS-direktivet.",
    "page": 244
   },
   {
    "predicate": "rpubl:genomforDirektiv",
    "directive": "https://lagen.nu/ext/celex/32009L0065",
    "articles": [
     "18",
     "2"
    ],
    "pinpoints": [
     "18 a",
     "2 t"
    ],
    "uris": [
     "https://lagen.nu/ext/celex/32009L0065#18",
     "https://lagen.nu/ext/celex/32009L0065#2"
    ],
    "partial": false,
    "law": "11.3 Förslaget till lag om ändring i lagen (2004:46) om värdepappersfonder",
    "chapter": "5",
    "paragraf": "2",
    "sentence": "Paragrafen genomför artikel 18a.2 tredje stycket i UCITS-direktivet.",
    "page": 245
   },
   {
    "predicate": "rpubl:genomforDirektiv",
    "directive": "https://lagen.nu/ext/celex/32009L0065",
    "articles": [
     "18",
     "2",
     "1",
     "84"
    ],
    "pinpoints": [
     "18 a",
     "2 f",
     "18 a",
     "1",
     "18 a",
     "2 f",
     "84.2"
    ],
    "uris": [
     "https://lagen.nu/ext/celex/32009L0065#18",
     "https://lagen.nu/ext/celex/32009L0065#2",
     "https://lagen.nu/ext/celex/32009L0065#1",
     "https://lagen.nu/ext/celex/32009L0065#84"
    ],
    "partial": true,
    "law": "11.3 Förslaget till lag om ändring i lagen (2004:46) om värdepappersfonder",
    "chapter": "5",
    "paragraf": "2 a",
    "sentence": "Paragrafen genomför artikel 18a.2 fjärde och femte styckena och delvis artiklarna 18a.1, 18a.2 första stycket och 84.2 i UCITS-direktivet och delvis bilaga IIA till direktivet.",
    "page": 246
   },
   {
    "predicate": "rpubl:genomforDirektiv",
    "directive": "https://lagen.nu/ext/celex/32009L0065",
    "articles": [
     "18",
     "2"
    ],
    "pinpoints": [
     "18 a",
     "2 a"
    ],
    "uris": [
     "https://lagen.nu/ext/celex/32009L0065#18",
     "https://lagen.nu/ext/celex/32009L0065#2"
    ],
    "partial": false,
    "law": "11.3 Förslaget till lag om ändring i lagen (2004:46) om värdepappersfonder",
    "chapter": "5",
    "paragraf": "2 b",
    "sentence": "Paragrafen genomför artikel 18a.2 andra stycket i UCITSdirektivet.",
    "page": 248
   },
   {
    "predicate": "rpubl:genomforDirektiv",
    "directive": "https://lagen.nu/ext/celex/32009L0065",
    "articles": [
     "57",
     "18",
     "1",
     "84"
    ],
    "pinpoints": [
     "57.3",
     "18 a",
     "1",
     "84.2"
    ],
    "uris": [
     "https://lagen.nu/ext/celex/32009L0065#57",
     "https://lagen.nu/ext/celex/32009L0065#18",
     "https://lagen.nu/ext/celex/32009L0065#1",
     "https://lagen.nu/ext/celex/32009L0065#84"
    ],
    "partial": true,
    "law": "11.3 Förslaget till lag om ändring i lagen (2004:46) om värdepappersfonder",
    "chapter": "5",
    "paragraf": "2 c",
    "sentence": "Paragrafen genomför artikel 57.3 och delvis artiklarna 18a.1 och 84.2 i UCITS-direktivet och delvis bilaga IIA till direktivet.",
    "page": 248
   },
   {
    "predicate": "rpubl:genomforDirektiv",
    "directive": "https://lagen.nu/ext/celex/32009L0065",
    "articles": [
     "6"
    ],
    "pinpoints": [
     "6.4"
    ],
    "uris": [
     "https://lagen.nu/ext/celex/32009L0065#6"
    ],
    "partial": false,
    "law": "11.3 Förslaget till lag om ändring i lagen (2004:46) om värdepappersfonder",
    "chapter": "7",
    "paragraf": "3",
    "sentence": "Paragrafen genomför artikel 6.4 i UCITS-direktivet.",
    "page": 252
   },
   {
    "predicate": "rpubl:genomforDirektiv",
    "directive": "https://lagen.nu/ext/celex/32011L0061",
    "articles": [
     "4"
    ],
    "pinpoints": [
     "4.1",
     "4.1 a",
     "4.1 a",
     "4.1 a",
     "4.1 a"
    ],
    "uris": [
     "https://lagen.nu/ext/celex/32011L0061#4"
    ],
    "partial": true,
    "law": "11.5 Förslaget till lag om ändring i lagen (2013:561) om förvaltare av alternativa investeringsfonder",
    "chapter": "1",
    "paragraf": "11",
    "sentence": "Paragrafen genomför delvis artikel 4.1 i AIFM-direktivet.",
    "page": 259
   },
   {
    "predicate": "rpubl:genomforDirektiv",
    "directive": "https://lagen.nu/ext/celex/32011L0061",
    "articles": [
     "2",
     "15"
    ],
    "pinpoints": [
     "2.1",
     "15.4 g"
    ],
    "uris": [
     "https://lagen.nu/ext/celex/32011L0061#2",
     "https://lagen.nu/ext/celex/32011L0061#15"
    ],
    "partial": true,
    "law": "11.5 Förslaget till lag om ändring i lagen (2013:561) om förvaltare av alternativa investeringsfonder",
    "chapter": "1",
    "paragraf": "12",
    "sentence": "Paragrafen genomför artikel 2.1 och delvis artikel 15.4g i AIFM-direktivet.",
    "page": 262
   },
   {
    "predicate": "rpubl:genomforDirektiv",
    "directive": "https://lagen.nu/ext/celex/32011L0061",
    "articles": [
     "3"
    ],
    "pinpoints": [
     "3.2",
     "3.4"
    ],
    "uris": [
     "https://lagen.nu/ext/celex/32011L0061#3"
    ],
    "partial": false,
    "law": "11.5 Förslaget till lag om ändring i lagen (2013:561) om förvaltare av alternativa investeringsfonder",
    "chapter": "2",
    "paragraf": "1",
    "sentence": "Paragrafen genomför artikel 3.2 och 3.4 i AIFM-direktivet.",
    "page": 262
   },
   {
    "predicate": "rpubl:genomforDirektiv",
    "directive": "https://lagen.nu/ext/celex/32011L0061",
    "articles": [
     "6",
     "7"
    ],
    "pinpoints": [
     "6.1",
     "6.2",
     "6.3",
     "6.5 c",
     "7.1"
    ],
    "uris": [
     "https://lagen.nu/ext/celex/32011L0061#6",
     "https://lagen.nu/ext/celex/32011L0061#7"
    ],
    "partial": false,
    "law": "11.5 Förslaget till lag om ändring i lagen (2013:561) om förvaltare av alternativa investeringsfonder",
    "chapter": "3",
    "paragraf": "1",
    "sentence": "Paragrafen genomför artiklarna 6.1 – 6.3, 6.5 c och d och 7.1 i AIFM-direktivet och bilaga I till direktivet.",
    "page": 263
   },
   {
    "predicate": "rpubl:genomforDirektiv",
    "directive": "https://lagen.nu/ext/celex/32011L0061",
    "articles": [
     "6"
    ],
    "pinpoints": [
     "6.4 c",
     "6.5 e"
    ],
    "uris": [
     "https://lagen.nu/ext/celex/32011L0061#6"
    ],
    "partial": false,
    "law": "11.5 Förslaget till lag om ändring i lagen (2013:561) om förvaltare av alternativa investeringsfonder",
    "chapter": "3",
    "paragraf": "2 b",
    "sentence": "Paragrafen genomför artikel 6.4 c och 6.5 e i AIFM-direktivet.",
    "page": 265
   },
   {
    "predicate": "rpubl:genomforDirektiv",
    "directive": "https://lagen.nu/ext/celex/32011L0061",
    "articles": [
     "6"
    ],
    "pinpoints": [
     "6.4 d"
    ],
    "uris": [
     "https://lagen.nu/ext/celex/32011L0061#6"
    ],
    "partial": false,
    "law": "11.5 Förslaget till lag om ändring i lagen (2013:561) om förvaltare av alternativa investeringsfonder",
    "chapter": "3",
    "paragraf": "2 c",
    "sentence": "Paragrafen genomför artikel 6.4 d i AIFM-direktivet.",
    "page": 265
   },
   {
    "predicate": "rpubl:genomforDirektiv",
    "directive": "https://lagen.nu/ext/celex/32011L0061",
    "articles": [
     "8"
    ],
    "pinpoints": [
     "8"
    ],
    "uris": [
     "https://lagen.nu/ext/celex/32011L0061#8"
    ],
    "partial": false,
    "law": "11.5 Förslaget till lag om ändring i lagen (2013:561) om förvaltare av alternativa investeringsfonder",
    "chapter": "3",
    "paragraf": "3",
    "sentence": "Paragrafen genomför artikel 8 i AIFM-direktivet.",
    "page": 266
   },
   {
    "predicate": "rpubl:genomforDirektiv",
    "directive": "https://lagen.nu/ext/celex/32011L0061",
    "articles": [
     "7"
    ],
    "pinpoints": [
     "7"
    ],
    "uris": [
     "https://lagen.nu/ext/celex/32011L0061#7"
    ],
    "partial": true,
    "law": "11.5 Förslaget till lag om ändring i lagen (2013:561) om förvaltare av alternativa investeringsfonder",
    "chapter": "3",
    "paragraf": "5",
    "sentence": "Paragrafen genomför delvis artikel 7 i AIFM-direktivet.",
    "page": 267
   },
   {
    "predicate": "rpubl:genomforDirektiv",
    "directive": "https://lagen.nu/ext/celex/32011L0061",
    "articles": [
     "36"
    ],
    "pinpoints": [
     "36.1"
    ],
    "uris": [
     "https://lagen.nu/ext/celex/32011L0061#36"
    ],
    "partial": true,
    "law": "11.5 Förslaget till lag om ändring i lagen (2013:561) om förvaltare av alternativa investeringsfonder",
    "chapter": "4",
    "paragraf": "3",
    "sentence": "Paragrafen genomför delvis artikel 36.1 i AIFM-direktivet.",
    "page": 268
   },
   {
    "predicate": "rpubl:genomforDirektiv",
    "directive": "https://lagen.nu/ext/celex/32011L0061",
    "articles": [
     "43"
    ],
    "pinpoints": [
     "43.3"
    ],
    "uris": [
     "https://lagen.nu/ext/celex/32011L0061#43"
    ],
    "partial": true,
    "law": "11.5 Förslaget till lag om ändring i lagen (2013:561) om förvaltare av alternativa investeringsfonder",
    "chapter": "4",
    "paragraf": "4 a",
    "sentence": "Den genomför delvis artikel 43.3 i AIFM-direktivet.",
    "page": 269
   },
   {
    "predicate": "rpubl:genomforDirektiv",
    "directive": "https://lagen.nu/ext/celex/32011L0061",
    "articles": [
     "33"
    ],
    "pinpoints": [
     "33.1",
     "33.4"
    ],
    "uris": [
     "https://lagen.nu/ext/celex/32011L0061#33"
    ],
    "partial": false,
    "law": "11.5 Förslaget till lag om ändring i lagen (2013:561) om förvaltare av alternativa investeringsfonder",
    "chapter": "5",
    "paragraf": "1",
    "sentence": "Paragrafen, som genomför artikel 33.1 och 33.4 i AIFM-direktivet, innehåller bestämmelser om den verksamhet som en utländsk EES-baserad AIF-förvaltare får bedriva i Sverige utan tillstånd av Finansinspektionen.",
    "page": 271
   },
   {
    "predicate": "rpubl:genomforDirektiv",
    "directive": "https://lagen.nu/ext/celex/32011L0061",
    "articles": [
     "36"
    ],
    "pinpoints": [
     "36.1"
    ],
    "uris": [
     "https://lagen.nu/ext/celex/32011L0061#36"
    ],
    "partial": true,
    "law": "11.5 Förslaget till lag om ändring i lagen (2013:561) om förvaltare av alternativa investeringsfonder",
    "chapter": "5",
    "paragraf": "5",
    "sentence": "Paragrafen genomför delvis artikel 36.1 i AIFM-direktivet.",
    "page": 271
   },
   {
    "predicate": "rpubl:genomforDirektiv",
    "directive": "https://lagen.nu/ext/celex/32011L0061",
    "articles": [
     "43"
    ],
    "pinpoints": [
     "43.3"
    ],
    "uris": [
     "https://lagen.nu/ext/celex/32011L0061#43"
    ],
    "partial": true,
    "law": "11.5 Förslaget till lag om ändring i lagen (2013:561) om förvaltare av alternativa investeringsfonder",
    "chapter": "5",
    "paragraf": "6 a",
    "sentence": "Den genomför delvis artikel 43.3 i AIFM-direktivet.",
    "page": 272
   },
   {
    "predicate": "rpubl:genomforDirektiv",
    "directive": "https://lagen.nu/ext/celex/32011L0061",
    "articles": [
     "42"
    ],
    "pinpoints": [
     "42.1 f"
    ],
    "uris": [
     "https://lagen.nu/ext/celex/32011L0061#42"
    ],
    "partial": false,
    "law": "11.5 Förslaget till lag om ändring i lagen (2013:561) om förvaltare av alternativa investeringsfonder",
    "chapter": "5",
    "paragraf": "10",
    "sentence": "Paragrafen genomför artikel 42.1 första stycket i AIFM-direktivet.",
    "page": 273
   },
   {
    "predicate": "rpubl:genomforDirektiv",
    "directive": "https://lagen.nu/ext/celex/32011L0061",
    "articles": [
     "33"
    ],
    "pinpoints": [
     "33.1",
     "33.2",
     "33.3"
    ],
    "uris": [
     "https://lagen.nu/ext/celex/32011L0061#33"
    ],
    "partial": false,
    "law": "11.5 Förslaget till lag om ändring i lagen (2013:561) om förvaltare av alternativa investeringsfonder",
    "chapter": "6",
    "paragraf": "1",
    "sentence": "Paragrafen, som genomför artikel 33.1 – 33.3 i AIFM-direktivet, innehåller bestämmelser om svenska AIF-förvaltare som avser att bedriva verksamhet i ett annat land inom EES.",
    "page": 274
   },
   {
    "predicate": "rpubl:genomforDirektiv",
    "directive": "https://lagen.nu/ext/celex/32011L0061",
    "articles": [
     "16"
    ],
    "pinpoints": [
     "16.2 b"
    ],
    "uris": [
     "https://lagen.nu/ext/celex/32011L0061#16"
    ],
    "partial": false,
    "law": "11.5 Förslaget till lag om ändring i lagen (2013:561) om förvaltare av alternativa investeringsfonder",
    "chapter": "8",
    "paragraf": "3",
    "sentence": "Stycket genomför artikel 16.2b tredje stycket i AIFM-direktivet.",
    "page": 275
   },
   {
    "predicate": "rpubl:genomforDirektiv",
    "directive": "https://lagen.nu/ext/celex/32011L0061",
    "articles": [
     "16"
    ],
    "pinpoints": [
     "16.2 b",
     "16.2 c",
     "16.2 e"
    ],
    "uris": [
     "https://lagen.nu/ext/celex/32011L0061#16"
    ],
    "partial": true,
    "law": "11.5 Förslaget till lag om ändring i lagen (2013:561) om förvaltare av alternativa investeringsfonder",
    "chapter": "8",
    "paragraf": "3 a",
    "sentence": "Paragrafen genomför artikel 16.2b första, fjärde och femte styckena, delvis artikel 16.2c första stycket och 16.2e i AIFM-direktivet och delvis bilaga V till direktivet.",
    "page": 275
   },
   {
    "predicate": "rpubl:genomforDirektiv",
    "directive": "https://lagen.nu/ext/celex/32011L0061",
    "articles": [
     "16"
    ],
    "pinpoints": [
     "16.2 b"
    ],
    "uris": [
     "https://lagen.nu/ext/celex/32011L0061#16"
    ],
    "partial": false,
    "law": "11.5 Förslaget till lag om ändring i lagen (2013:561) om förvaltare av alternativa investeringsfonder",
    "chapter": "8",
    "paragraf": "3 b",
    "sentence": "Paragrafen genomför artikel 16.2b andra stycket i AIFM-direktivet.",
    "page": 277
   },
   {
    "predicate": "rpubl:genomforDirektiv",
    "directive": "https://lagen.nu/ext/celex/32011L0061",
    "articles": [
     "16"
    ],
    "pinpoints": [
     "16.2 c",
     "16.2 e"
    ],
    "uris": [
     "https://lagen.nu/ext/celex/32011L0061#16"
    ],
    "partial": true,
    "law": "11.5 Förslaget till lag om ändring i lagen (2013:561) om förvaltare av alternativa investeringsfonder",
    "chapter": "8",
    "paragraf": "3 c",
    "sentence": "Paragrafen genomför delvis artikel 16.2c och 16.2e i AIFM-direktivet och delvis bilaga V till direktivet.",
    "page": 277
   },
   {
    "predicate": "rpubl:genomforDirektiv",
    "directive": "https://lagen.nu/ext/celex/32011L0061",
    "articles": [
     "16"
    ],
    "pinpoints": [
     "16.2"
    ],
    "uris": [
     "https://lagen.nu/ext/celex/32011L0061#16"
    ],
    "partial": true,
    "law": "11.5 Förslaget till lag om ändring i lagen (2013:561) om förvaltare av alternativa investeringsfonder",
    "chapter": "8",
    "paragraf": "3 e",
    "sentence": "Paragrafen genomför delvis artikel 16.2c – 16.2e i AIFM-direktivet och delvis bilaga V till direktivet.",
    "page": 278
   },
   {
    "predicate": "rpubl:genomforDirektiv",
    "directive": "https://lagen.nu/ext/celex/32011L0061",
    "articles": [
     "46"
    ],
    "pinpoints": [
     "46.2 j"
    ],
    "uris": [
     "https://lagen.nu/ext/celex/32011L0061#46"
    ],
    "partial": false,
    "law": "11.5 Förslaget till lag om ändring i lagen (2013:561) om förvaltare av alternativa investeringsfonder",
    "chapter": "8",
    "paragraf": "3 f",
    "sentence": "Paragrafen genomför artikel 46.2 j i AIFM-direktivet.",
    "page": 278
   },
   {
    "predicate": "rpubl:genomforDirektiv",
    "directive": "https://lagen.nu/ext/celex/32011L0061",
    "articles": [
     "15"
    ],
    "pinpoints": [
     "15"
    ],
    "uris": [
     "https://lagen.nu/ext/celex/32011L0061#15"
    ],
    "partial": true,
    "law": "11.5 Förslaget till lag om ändring i lagen (2013:561) om förvaltare av alternativa investeringsfonder",
    "chapter": "8",
    "paragraf": "4",
    "sentence": "Paragrafen genomför delvis artikel 15 i AIFMdirektivet.",
    "page": 278
   },
   {
    "predicate": "rpubl:genomforDirektiv",
    "directive": "https://lagen.nu/ext/celex/32011L0061",
    "articles": [
     "20"
    ],
    "pinpoints": [
     "20"
    ],
    "uris": [
     "https://lagen.nu/ext/celex/32011L0061#20"
    ],
    "partial": true,
    "law": "11.5 Förslaget till lag om ändring i lagen (2013:561) om förvaltare av alternativa investeringsfonder",
    "chapter": "8",
    "paragraf": "14",
    "sentence": "Paragrafen genomför delvis artikel 20 i AIFM-direktivet.",
    "page": 280
   },
   {
    "predicate": "rpubl:genomforDirektiv",
    "directive": "https://lagen.nu/ext/celex/32011L0061",
    "articles": [
     "20"
    ],
    "pinpoints": [
     "20.1 a",
     "20.3 a"
    ],
    "uris": [
     "https://lagen.nu/ext/celex/32011L0061#20"
    ],
    "partial": false,
    "law": "11.5 Förslaget till lag om ändring i lagen (2013:561) om förvaltare av alternativa investeringsfonder",
    "chapter": "8",
    "paragraf": "15",
    "sentence": "Paragrafen genomför artikel 20.1 andra stycket och 20.3a i AIFMdirektivet.",
    "page": 281
   },
   {
    "predicate": "rpubl:genomforDirektiv",
    "directive": "https://lagen.nu/ext/celex/32011L0061",
    "articles": [
     "20"
    ],
    "pinpoints": [
     "20.4",
     "20.6"
    ],
    "uris": [
     "https://lagen.nu/ext/celex/32011L0061#20"
    ],
    "partial": false,
    "law": "11.5 Förslaget till lag om ändring i lagen (2013:561) om förvaltare av alternativa investeringsfonder",
    "chapter": "2 a",
    "paragraf": "18",
    "sentence": "Den genomför artikel 20.4 och 20.6 i AIFM-direktivet.",
    "page": 281
   },
   {
    "predicate": "rpubl:genomforDirektiv",
    "directive": "https://lagen.nu/ext/celex/32011L0061",
    "articles": [
     "20"
    ],
    "pinpoints": [
     "20.6 a"
    ],
    "uris": [
     "https://lagen.nu/ext/celex/32011L0061#20"
    ],
    "partial": false,
    "law": "11.5 Förslaget till lag om ändring i lagen (2013:561) om förvaltare av alternativa investeringsfonder",
    "chapter": "2 a",
    "paragraf": "18 a",
    "sentence": "Paragrafen genomför artikel 20.6a i AIFM-direktivet.",
    "page": 281
   },
   {
    "predicate": "rpubl:genomforDirektiv",
    "directive": "https://lagen.nu/ext/celex/32011L0061",
    "articles": [
     "20"
    ],
    "pinpoints": [
     "20.3"
    ],
    "uris": [
     "https://lagen.nu/ext/celex/32011L0061#20"
    ],
    "partial": true,
    "law": "11.5 Förslaget till lag om ändring i lagen (2013:561) om förvaltare av alternativa investeringsfonder",
    "chapter": "2 a",
    "paragraf": "30",
    "sentence": "Paragrafen genomför delvis artikel 20.3 i AIFM-direktivet.",
    "page": 282
   },
   {
    "predicate": "rpubl:genomforDirektiv",
    "directive": "https://lagen.nu/ext/celex/32011L0061",
    "articles": [
     "15"
    ],
    "pinpoints": [
     "15.4 a"
    ],
    "uris": [
     "https://lagen.nu/ext/celex/32011L0061#15"
    ],
    "partial": false,
    "law": "11.5 Förslaget till lag om ändring i lagen (2013:561) om förvaltare av alternativa investeringsfonder",
    "chapter": "8 a",
    "paragraf": "1",
    "sentence": "Paragrafen genomför artikel 15.4a i AIFM-direktivet.",
    "page": 282
   },
   {
    "predicate": "rpubl:genomforDirektiv",
    "directive": "https://lagen.nu/ext/celex/32011L0061",
    "articles": [
     "15"
    ],
    "pinpoints": [
     "15.4 c",
     "15.4 d"
    ],
    "uris": [
     "https://lagen.nu/ext/celex/32011L0061#15"
    ],
    "partial": true,
    "law": "11.5 Förslaget till lag om ändring i lagen (2013:561) om förvaltare av alternativa investeringsfonder",
    "chapter": "8 a",
    "paragraf": "2",
    "sentence": "Paragrafen genomför delvis artikel 15.4c och 15.4d i AIFM-direktivet.",
    "page": 283
   },
   {
    "predicate": "rpubl:genomforDirektiv",
    "directive": "https://lagen.nu/ext/celex/32011L0061",
    "articles": [
     "15"
    ],
    "pinpoints": [
     "15.4 d"
    ],
    "uris": [
     "https://lagen.nu/ext/celex/32011L0061#15"
    ],
    "partial": true,
    "law": "11.5 Förslaget till lag om ändring i lagen (2013:561) om förvaltare av alternativa investeringsfonder",
    "chapter": "8 a",
    "paragraf": "3",
    "sentence": "Paragrafen genomför delvis artikel 15.4d i AIFM-direktivet och övervägandena finns i avsnitt 7.4.",
    "page": 284
   },
   {
    "predicate": "rpubl:genomforDirektiv",
    "directive": "https://lagen.nu/ext/celex/32011L0061",
    "articles": [
     "15"
    ],
    "pinpoints": [
     "15.4 c"
    ],
    "uris": [
     "https://lagen.nu/ext/celex/32011L0061#15"
    ],
    "partial": false,
    "law": "11.5 Förslaget till lag om ändring i lagen (2013:561) om förvaltare av alternativa investeringsfonder",
    "chapter": "8 a",
    "paragraf": "4",
    "sentence": "Paragrafen genomför artikel 15.4c första stycket b i AIFM-direktivet.",
    "page": 284
   },
   {
    "predicate": "rpubl:genomforDirektiv",
    "directive": "https://lagen.nu/ext/celex/32011L0061",
    "articles": [
     "15"
    ],
    "pinpoints": [
     "15.4 e"
    ],
    "uris": [
     "https://lagen.nu/ext/celex/32011L0061#15"
    ],
    "partial": false,
    "law": "11.5 Förslaget till lag om ändring i lagen (2013:561) om förvaltare av alternativa investeringsfonder",
    "chapter": "8 a",
    "paragraf": "5",
    "sentence": "Paragrafen genomför artikel 15.4e i AIFMdirektivet.",
    "page": 284
   },
   {
    "predicate": "rpubl:genomforDirektiv",
    "directive": "https://lagen.nu/ext/celex/32011L0061",
    "articles": [
     "15"
    ],
    "pinpoints": [
     "15.4 h"
    ],
    "uris": [
     "https://lagen.nu/ext/celex/32011L0061#15"
    ],
    "partial": false,
    "law": "11.5 Förslaget till lag om ändring i lagen (2013:561) om förvaltare av alternativa investeringsfonder",
    "chapter": "8 a",
    "paragraf": "6",
    "sentence": "Paragrafen genomför artikel 15.4h i AIFM-direktivet.",
    "page": 285
   },
   {
    "predicate": "rpubl:genomforDirektiv",
    "directive": "https://lagen.nu/ext/celex/32011L0061",
    "articles": [
     "15"
    ],
    "pinpoints": [
     "15.4 i"
    ],
    "uris": [
     "https://lagen.nu/ext/celex/32011L0061#15"
    ],
    "partial": false,
    "law": "11.5 Förslaget till lag om ändring i lagen (2013:561) om förvaltare av alternativa investeringsfonder",
    "chapter": "8 a",
    "paragraf": "7",
    "sentence": "Paragrafen genomför artikel 15.4i första stycket i AIFM-direktivet.",
    "page": 286
   },
   {
    "predicate": "rpubl:genomforDirektiv",
    "directive": "https://lagen.nu/ext/celex/32011L0061",
    "articles": [
     "15"
    ],
    "pinpoints": [
     "15.4 i"
    ],
    "uris": [
     "https://lagen.nu/ext/celex/32011L0061#15"
    ],
    "partial": false,
    "law": "11.5 Förslaget till lag om ändring i lagen (2013:561) om förvaltare av alternativa investeringsfonder",
    "chapter": "8 a",
    "paragraf": "8",
    "sentence": "Paragrafen genomför artikel 15.4i andra stycket i AIFM-direktivet.",
    "page": 286
   },
   {
    "predicate": "rpubl:genomforDirektiv",
    "directive": "https://lagen.nu/ext/celex/32011L0061",
    "articles": [
     "16"
    ],
    "pinpoints": [
     "16.2 a"
    ],
    "uris": [
     "https://lagen.nu/ext/celex/32011L0061#16"
    ],
    "partial": false,
    "law": "11.5 Förslaget till lag om ändring i lagen (2013:561) om förvaltare av alternativa investeringsfonder",
    "chapter": "8 a",
    "paragraf": "9",
    "sentence": "Paragrafen genomför artikel 16.2a i AIFM-direktivet.",
    "page": 287
   },
   {
    "predicate": "rpubl:genomforDirektiv",
    "directive": "https://lagen.nu/ext/celex/32011L0061",
    "articles": [
     "15"
    ],
    "pinpoints": [
     "15.4 b"
    ],
    "uris": [
     "https://lagen.nu/ext/celex/32011L0061#15"
    ],
    "partial": false,
    "law": "11.5 Förslaget till lag om ändring i lagen (2013:561) om förvaltare av alternativa investeringsfonder",
    "chapter": "8 a",
    "paragraf": "10",
    "sentence": "Paragrafen genomför artikel 15.4b första – fjärde styckena i AIFM-direktivet.",
    "page": 288
   },
   {
    "predicate": "rpubl:genomforDirektiv",
    "directive": "https://lagen.nu/ext/celex/32011L0061",
    "articles": [
     "15"
    ],
    "pinpoints": [
     "15.4 b"
    ],
    "uris": [
     "https://lagen.nu/ext/celex/32011L0061#15"
    ],
    "partial": false,
    "law": "11.5 Förslaget till lag om ändring i lagen (2013:561) om förvaltare av alternativa investeringsfonder",
    "chapter": "8 a",
    "paragraf": "11",
    "sentence": "Paragrafen genomför artikel 15.4b femte stycket i AIFM-direktivet.",
    "page": 289
   },
   {
    "predicate": "rpubl:genomforDirektiv",
    "directive": "https://lagen.nu/ext/celex/32011L0061",
    "articles": [
     "15"
    ],
    "pinpoints": [
     "15.4 g"
    ],
    "uris": [
     "https://lagen.nu/ext/celex/32011L0061#15"
    ],
    "partial": true,
    "law": "11.5 Förslaget till lag om ändring i lagen (2013:561) om förvaltare av alternativa investeringsfonder",
    "chapter": "8 a",
    "paragraf": "12",
    "sentence": "Paragrafen genomför delvis artikel 15.4g i AIFM-direktivet.",
    "page": 289
   },
   {
    "predicate": "rpubl:genomforDirektiv",
    "directive": "https://lagen.nu/ext/celex/32011L0061",
    "articles": [
     "21"
    ],
    "pinpoints": [
     "21.1",
     "21.6 a"
    ],
    "uris": [
     "https://lagen.nu/ext/celex/32011L0061#21"
    ],
    "partial": false,
    "law": "11.5 Förslaget till lag om ändring i lagen (2013:561) om förvaltare av alternativa investeringsfonder",
    "chapter": "9",
    "paragraf": "1",
    "sentence": "Paragrafen genomför artikel 21.1 och 21.6 andra stycket i AIFM-direktivet.",
    "page": 290
   },
   {
    "predicate": "rpubl:genomforDirektiv",
    "directive": "https://lagen.nu/ext/celex/32011L0061",
    "articles": [
     "21"
    ],
    "pinpoints": [
     "21.3 f",
     "21.5 a",
     "21.5 a"
    ],
    "uris": [
     "https://lagen.nu/ext/celex/32011L0061#21"
    ],
    "partial": true,
    "law": "11.5 Förslaget till lag om ändring i lagen (2013:561) om förvaltare av alternativa investeringsfonder",
    "chapter": "9",
    "paragraf": "4",
    "sentence": "Paragrafen genomför artikel 21.3 första stycket och 21.5 a och delvis artikel 21.5a i AIFM-direktivet.",
    "page": 290
   },
   {
    "predicate": "rpubl:genomforDirektiv",
    "directive": "https://lagen.nu/ext/celex/32011L0061",
    "articles": [
     "21"
    ],
    "pinpoints": [
     "21.6 f"
    ],
    "uris": [
     "https://lagen.nu/ext/celex/32011L0061#21"
    ],
    "partial": false,
    "law": "11.5 Förslaget till lag om ändring i lagen (2013:561) om förvaltare av alternativa investeringsfonder",
    "chapter": "9",
    "paragraf": "6",
    "sentence": "Paragrafen genomför artikel 21.6 första stycket i AIFM-direktivet.",
    "page": 291
   },
   {
    "predicate": "rpubl:genomforDirektiv",
    "directive": "https://lagen.nu/ext/celex/32011L0061",
    "articles": [
     "21"
    ],
    "pinpoints": [
     "21.11 a"
    ],
    "uris": [
     "https://lagen.nu/ext/celex/32011L0061#21"
    ],
    "partial": false,
    "law": "11.5 Förslaget till lag om ändring i lagen (2013:561) om förvaltare av alternativa investeringsfonder",
    "chapter": "9",
    "paragraf": "13",
    "sentence": "Den genomför artikel 21.11 andra stycket a – c i AIFM-direktivet.",
    "page": 292
   },
   {
    "predicate": "rpubl:genomforDirektiv",
    "directive": "https://lagen.nu/ext/celex/32011L0061",
    "articles": [
     "21"
    ],
    "pinpoints": [
     "21.16"
    ],
    "uris": [
     "https://lagen.nu/ext/celex/32011L0061#21"
    ],
    "partial": false,
    "law": "11.5 Förslaget till lag om ändring i lagen (2013:561) om förvaltare av alternativa investeringsfonder",
    "chapter": "9",
    "paragraf": "24",
    "sentence": "Den genomför artikel 21.16 i AIFM-direktivet.",
    "page": 293
   },
   {
    "predicate": "rpubl:genomforDirektiv",
    "directive": "https://lagen.nu/ext/celex/32011L0061",
    "articles": [
     "23"
    ],
    "pinpoints": [
     "23.1",
     "23.3"
    ],
    "uris": [
     "https://lagen.nu/ext/celex/32011L0061#23"
    ],
    "partial": false,
    "law": "11.5 Förslaget till lag om ändring i lagen (2013:561) om förvaltare av alternativa investeringsfonder",
    "chapter": "10",
    "paragraf": "1",
    "sentence": "Paragrafen genomför artikel 23.1 och 23.3 i AIFM-direktivet.",
    "page": 293
   },
   {
    "predicate": "rpubl:genomforDirektiv",
    "directive": "https://lagen.nu/ext/celex/32011L0061",
    "articles": [
     "23"
    ],
    "pinpoints": [
     "23.4"
    ],
    "uris": [
     "https://lagen.nu/ext/celex/32011L0061#23"
    ],
    "partial": false,
    "law": "11.5 Förslaget till lag om ändring i lagen (2013:561) om förvaltare av alternativa investeringsfonder",
    "chapter": "10",
    "paragraf": "9",
    "sentence": "Paragrafen genomför artikel 23.4 i AIFM-direktivet.",
    "page": 294
   },
   {
    "predicate": "rpubl:genomforDirektiv",
    "directive": "https://lagen.nu/ext/celex/32011L0061",
    "articles": [
     "12",
     "16",
     "25",
     "21",
     "50",
     "53",
     "54"
    ],
    "pinpoints": [
     "12.4 a",
     "16.2 d",
     "25.2",
     "25.8",
     "21",
     "50",
     "53",
     "54"
    ],
    "uris": [
     "https://lagen.nu/ext/celex/32011L0061#12",
     "https://lagen.nu/ext/celex/32011L0061#16",
     "https://lagen.nu/ext/celex/32011L0061#25",
     "https://lagen.nu/ext/celex/32011L0061#21",
     "https://lagen.nu/ext/celex/32011L0061#50",
     "https://lagen.nu/ext/celex/32011L0061#53",
     "https://lagen.nu/ext/celex/32011L0061#54"
    ],
    "partial": true,
    "law": "11.5 Förslaget till lag om ändring i lagen (2013:561) om förvaltare av alternativa investeringsfonder",
    "chapter": "13",
    "paragraf": "10",
    "sentence": "Paragrafen genomför artiklarna 12.4 andra stycket, 16.2d tredje stycket, 25.2 och 25.8 och delvis artiklarna 21, 50, 53 och 54 i AIFM-direktivet.",
    "page": 296
   }
  ]
 }
}